<!doctype html>
<html lang="en">
<head>
<meta charset="utf-8">
<title>Redrill proof report</title>
<style>
body { font: 15px/1.5 system-ui, sans-serif; color: #1f2937; max-width: 60rem; margin: 2rem auto; padding: 0 1rem; }
h1 { font-size: 1.4rem; } h2 { font-size: 1.15rem; margin: 1.5rem 0 .25rem; } h3 { font-size: .95rem; }
table { border-collapse: collapse; margin: .5rem 0; width: 100%; }
th, td { border: 1px solid #d1d5db; padding: .25rem .5rem; text-align: left; font-size: .85rem; }
th { background: #f3f4f6; }
.muted { color: #6b7280; }
.banner { padding: .5rem .75rem; border-radius: .375rem; font-weight: 600; }
.banner.ok { background: #dcfce7; color: #166534; }
.banner.bad { background: #fee2e2; color: #991b1b; }
.sla-ok { color: #166534; } .sla-stale { color: #991b1b; font-weight: 600; }
.status-pass { color: #166534; font-weight: 600; }
.status-fail { color: #991b1b; font-weight: 600; }
.status-error { color: #92400e; font-weight: 600; }
.status-skipped { color: #6b7280; }
.weak { color: #6b7280; font-weight: 400; font-size: .8em; }
ul { margin: .25rem 0; padding-left: 1.25rem; }
</style>
</head>
<body>
<h1>Redrill proof report</h1>
<p class="muted">Generated 2026-07-04 09:00 UTC.</p>
<p class="banner bad">1 of 3 datasets proven within SLA.</p>

<h2>app-db — <span class="sla-ok">within SLA</span></h2>
<ul>
<li>Source: dumps (dumpdir)</li>
<li>Schedule: @daily · proof SLA 10d</li>
<li>Proven: l1 3d ago (2026-07-01 09:00 UTC) · l3 3d ago (2026-07-01 09:00 UTC)</li>
</ul>

<h3>Last run — <span class="status-pass">PASS (run 1, schedule, 3d ago, 12.3s, 50 MiB / 240 files restored)</span></h3>
<p class="muted">Audited snapshot: app-db-2026-07-01.sql.gz</p>


<table>
<tr><th>Level</th><th>Status</th><th>Duration</th><th>Summary</th></tr>
<tr><td>l1</td><td class="status-pass">pass</td><td>400ms</td><td>3 checks passed</td></tr>
<tr><td>l3</td><td class="status-pass">pass</td><td>11.9s</td><td>sandbox booted, 1 check passed</td></tr>
</table>


<table>
<tr><th>Check</th><th>Target</th><th>Expected</th><th>Actual</th><th>Status</th></tr>
<tr><td>file_min_bytes</td><td>app-db-2026-07-01.sql.gz</td><td>&gt; 1024</td><td>52428800</td><td class="status-pass">pass</td></tr>
<tr><td>compression_test</td><td>app-db-2026-07-01.sql.gz</td><td>valid gzip</td><td>ok</td><td class="status-pass">pass</td></tr>
<tr><td>canary_file</td><td>backup-canary.txt</td><td>present</td><td>present</td><td class="status-pass">pass <span class="weak">(weak)</span></td></tr>
<tr><td>sql</td><td>select count(*) from users</td><td>== 5</td><td>5</td><td class="status-pass">pass</td></tr>
</table>



<h2>photos — <span class="sla-stale">STALE (no l1 proof within 10d)</span></h2>
<ul>
<li>Source: media (dumpdir)</li>
<li>Schedule: manual only · proof SLA 10d</li>
<li>Proven: never</li>
</ul>

<p class="muted">No runs recorded.</p>


<h2>wiki — <span class="sla-stale">STALE (no l3 proof within 10d)</span></h2>
<ul>
<li>Source: dumps (dumpdir)</li>
<li>Schedule: @weekly · proof SLA 10d</li>
<li>Proven: l1 20d ago (2026-06-14 09:00 UTC)</li>
</ul>

<h3>Last run — <span class="status-fail">FAIL (run 2, schedule, 1h ago, 700ms)</span></h3>
<p class="muted">Audited snapshot: wiki-2026-07-04.sql.gz</p>


<table>
<tr><th>Level</th><th>Status</th><th>Duration</th><th>Summary</th></tr>
<tr><td>l1</td><td class="status-fail">fail</td><td>700ms</td><td>file_min_bytes failed</td></tr>
<tr><td>l3</td><td class="status-skipped">skipped</td><td>-</td><td>skipped: l1 failed</td></tr>
</table>


<table>
<tr><th>Check</th><th>Target</th><th>Expected</th><th>Actual</th><th>Status</th></tr>
<tr><td>file_min_bytes</td><td>wiki-2026-07-04.sql.gz</td><td>&gt; 1024</td><td>0</td><td class="status-fail">fail</td></tr>
<tr><td>compression_test</td><td>wiki-2026-07-04.sql.gz</td><td>valid gzip</td><td>unexpected EOF</td><td class="status-fail">fail</td></tr>
</table>



</body>
</html>
